1730474466.102491 client started (232659): version next-3.6, socket /tmp/tmux-1000/default, protocol 8
1730474466.102503 on Linux 6.11.5-arch1-1 #1 SMP PREEMPT_DYNAMIC Tue, 22 Oct 2024 18:31:38 +0000
1730474466.102508 using libevent 2.1.12-stable poll
1730474466.102510 using ncurses 6.5 20240427
1730474466.102517 flags are 0x10010000
1730474466.102519 socket is /tmp/tmux-1000/default
1730474466.102525 trying connect
1730474466.102580 add peer 0x5892d242b8e0: 6 ((nil))
1730474466.102743 sending message 111 to peer 0x5892d242b8e0 (8 bytes)
1730474466.102749 sending message 111 to peer 0x5892d242b8e0 (8 bytes)
1730474466.102751 sending message 101 to peer 0x5892d242b8e0 (14 bytes)
1730474466.102753 sending message 109 to peer 0x5892d242b8e0 (4 bytes)
1730474466.102755 sending message 102 to peer 0x5892d242b8e0 (12 bytes)
1730474466.102757 sending message 108 to peer 0x5892d242b8e0 (24 bytes)
1730474466.102759 sending message 112 to peer 0x5892d242b8e0 (70 bytes)
1730474466.102761 sending message 112 to peer 0x5892d242b8e0 (5 bytes)
1730474466.102764 sending message 112 to peer 0x5892d242b8e0 (5 bytes)
1730474466.102765 sending message 112 to peer 0x5892d242b8e0 (6 bytes)
1730474466.102767 sending message 112 to peer 0x5892d242b8e0 (6 bytes)
1730474466.102770 sending message 112 to peer 0x5892d242b8e0 (11 bytes)
1730474466.102772 sending message 112 to peer 0x5892d242b8e0 (10 bytes)
1730474466.102774 sending message 112 to peer 0x5892d242b8e0 (13 bytes)
1730474466.102776 sending message 112 to peer 0x5892d242b8e0 (13 bytes)
1730474466.102778 sending message 112 to peer 0x5892d242b8e0 (18 bytes)
1730474466.102780 sending message 112 to peer 0x5892d242b8e0 (11 bytes)
1730474466.102782 sending message 112 to peer 0x5892d242b8e0 (10 bytes)
1730474466.102784 sending message 112 to peer 0x5892d242b8e0 (15 bytes)
1730474466.102786 sending message 112 to peer 0x5892d242b8e0 (21 bytes)
1730474466.102788 sending message 112 to peer 0x5892d242b8e0 (13 bytes)
1730474466.102790 sending message 112 to peer 0x5892d242b8e0 (7 bytes)
1730474466.102792 sending message 112 to peer 0x5892d242b8e0 (13 bytes)
1730474466.102794 sending message 112 to peer 0x5892d242b8e0 (7 bytes)
1730474466.102796 sending message 112 to peer 0x5892d242b8e0 (13 bytes)
1730474466.102798 sending message 112 to peer 0x5892d242b8e0 (9 bytes)
1730474466.102800 sending message 112 to peer 0x5892d242b8e0 (21 bytes)
1730474466.102802 sending message 112 to peer 0x5892d242b8e0 (13 bytes)
1730474466.102804 sending message 112 to peer 0x5892d242b8e0 (8 bytes)
1730474466.102806 sending message 112 to peer 0x5892d242b8e0 (12 bytes)
1730474466.102808 sending message 112 to peer 0x5892d242b8e0 (13 bytes)
1730474466.102810 sending message 112 to peer 0x5892d242b8e0 (9 bytes)
1730474466.102812 sending message 112 to peer 0x5892d242b8e0 (9 bytes)
1730474466.102814 sending message 112 to peer 0x5892d242b8e0 (12 bytes)
1730474466.102816 sending message 112 to peer 0x5892d242b8e0 (8 bytes)
1730474466.102818 sending message 112 to peer 0x5892d242b8e0 (8 bytes)
1730474466.102820 sending message 112 to peer 0x5892d242b8e0 (7 bytes)
1730474466.102822 sending message 112 to peer 0x5892d242b8e0 (7 bytes)
1730474466.102824 sending message 112 to peer 0x5892d242b8e0 (9 bytes)
1730474466.102826 sending message 112 to peer 0x5892d242b8e0 (13 bytes)
1730474466.102828 sending message 112 to peer 0x5892d242b8e0 (6 bytes)
1730474466.102830 sending message 112 to peer 0x5892d242b8e0 (9 bytes)
1730474466.102832 sending message 112 to peer 0x5892d242b8e0 (15 bytes)
1730474466.102834 sending message 112 to peer 0x5892d242b8e0 (13 bytes)
1730474466.102836 sending message 112 to peer 0x5892d242b8e0 (12 bytes)
1730474466.102838 sending message 112 to peer 0x5892d242b8e0 (8 bytes)
1730474466.102840 sending message 112 to peer 0x5892d242b8e0 (14 bytes)
1730474466.102842 sending message 112 to peer 0x5892d242b8e0 (11 bytes)
1730474466.102844 sending message 112 to peer 0x5892d242b8e0 (9 bytes)
1730474466.102846 sending message 112 to peer 0x5892d242b8e0 (10 bytes)
1730474466.102848 sending message 112 to peer 0x5892d242b8e0 (10 bytes)
1730474466.102855 sending message 112 to peer 0x5892d242b8e0 (10 bytes)
1730474466.102858 sending message 112 to peer 0x5892d242b8e0 (10 bytes)
1730474466.102860 sending message 112 to peer 0x5892d242b8e0 (11 bytes)
1730474466.102862 sending message 112 to peer 0x5892d242b8e0 (12 bytes)
1730474466.102864 sending message 112 to peer 0x5892d242b8e0 (12 bytes)
1730474466.102866 sending message 112 to peer 0x5892d242b8e0 (12 bytes)
1730474466.102868 sending message 112 to peer 0x5892d242b8e0 (12 bytes)
1730474466.102870 sending message 112 to peer 0x5892d242b8e0 (12 bytes)
1730474466.102873 sending message 112 to peer 0x5892d242b8e0 (11 bytes)
1730474466.102875 sending message 112 to peer 0x5892d242b8e0 (11 bytes)
1730474466.102877 sending message 112 to peer 0x5892d242b8e0 (12 bytes)
1730474466.102879 sending message 112 to peer 0x5892d242b8e0 (12 bytes)
1730474466.102881 sending message 112 to peer 0x5892d242b8e0 (12 bytes)
1730474466.102883 sending message 112 to peer 0x5892d242b8e0 (12 bytes)
1730474466.102885 sending message 112 to peer 0x5892d242b8e0 (12 bytes)
1730474466.102887 sending message 112 to peer 0x5892d242b8e0 (10 bytes)
1730474466.102889 sending message 112 to peer 0x5892d242b8e0 (12 bytes)
1730474466.102891 sending message 112 to peer 0x5892d242b8e0 (13 bytes)
1730474466.102893 sending message 112 to peer 0x5892d242b8e0 (13 bytes)
1730474466.102895 sending message 112 to peer 0x5892d242b8e0 (13 bytes)
1730474466.102897 sending message 112 to peer 0x5892d242b8e0 (13 bytes)
1730474466.102899 sending message 112 to peer 0x5892d242b8e0 (13 bytes)
1730474466.102901 sending message 112 to peer 0x5892d242b8e0 (8 bytes)
1730474466.102903 sending message 112 to peer 0x5892d242b8e0 (11 bytes)
1730474466.102905 sending message 112 to peer 0x5892d242b8e0 (11 bytes)
1730474466.102907 sending message 112 to peer 0x5892d242b8e0 (11 bytes)
1730474466.102909 sending message 112 to peer 0x5892d242b8e0 (12 bytes)
1730474466.102911 sending message 112 to peer 0x5892d242b8e0 (12 bytes)
1730474466.102913 sending message 112 to peer 0x5892d242b8e0 (12 bytes)
1730474466.102915 sending message 112 to peer 0x5892d242b8e0 (12 bytes)
1730474466.102917 sending message 112 to peer 0x5892d242b8e0 (13 bytes)
1730474466.102919 sending message 112 to peer 0x5892d242b8e0 (13 bytes)
1730474466.102922 sending message 112 to peer 0x5892d242b8e0 (13 bytes)
1730474466.102924 sending message 112 to peer 0x5892d242b8e0 (8 bytes)
1730474466.102926 sending message 112 to peer 0x5892d242b8e0 (13 bytes)
1730474466.102928 sending message 112 to peer 0x5892d242b8e0 (13 bytes)
1730474466.102930 sending message 112 to peer 0x5892d242b8e0 (13 bytes)
1730474466.102932 sending message 112 to peer 0x5892d242b8e0 (13 bytes)
1730474466.102934 sending message 112 to peer 0x5892d242b8e0 (13 bytes)
1730474466.102936 sending message 112 to peer 0x5892d242b8e0 (12 bytes)
1730474466.102938 sending message 112 to peer 0x5892d242b8e0 (12 bytes)
1730474466.102940 sending message 112 to peer 0x5892d242b8e0 (12 bytes)
1730474466.102942 sending message 112 to peer 0x5892d242b8e0 (12 bytes)
1730474466.102944 sending message 112 to peer 0x5892d242b8e0 (13 bytes)
1730474466.102946 sending message 112 to peer 0x5892d242b8e0 (8 bytes)
1730474466.102948 sending message 112 to peer 0x5892d242b8e0 (13 bytes)
1730474466.102950 sending message 112 to peer 0x5892d242b8e0 (13 bytes)
1730474466.102952 sending message 112 to peer 0x5892d242b8e0 (13 bytes)
1730474466.102954 sending message 112 to peer 0x5892d242b8e0 (13 bytes)
1730474466.102956 sending message 112 to peer 0x5892d242b8e0 (13 bytes)
1730474466.102958 sending message 112 to peer 0x5892d242b8e0 (13 bytes)
1730474466.102960 sending message 112 to peer 0x5892d242b8e0 (13 bytes)
1730474466.102962 sending message 112 to peer 0x5892d242b8e0 (12 bytes)
1730474466.102964 sending message 112 to peer 0x5892d242b8e0 (12 bytes)
1730474466.102966 sending message 112 to peer 0x5892d242b8e0 (12 bytes)
1730474466.102969 sending message 112 to peer 0x5892d242b8e0 (8 bytes)
1730474466.102971 sending message 112 to peer 0x5892d242b8e0 (12 bytes)
1730474466.102975 sending message 112 to peer 0x5892d242b8e0 (13 bytes)
1730474466.102978 sending message 112 to peer 0x5892d242b8e0 (13 bytes)
1730474466.102980 sending message 112 to peer 0x5892d242b8e0 (13 bytes)
1730474466.102982 sending message 112 to peer 0x5892d242b8e0 (13 bytes)
1730474466.102984 sending message 112 to peer 0x5892d242b8e0 (13 bytes)
1730474466.102986 sending message 112 to peer 0x5892d242b8e0 (13 bytes)
1730474466.102988 sending message 112 to peer 0x5892d242b8e0 (13 bytes)
1730474466.102990 sending message 112 to peer 0x5892d242b8e0 (13 bytes)
1730474466.102992 sending message 112 to peer 0x5892d242b8e0 (12 bytes)
1730474466.102994 sending message 112 to peer 0x5892d242b8e0 (10 bytes)
1730474466.102996 sending message 112 to peer 0x5892d242b8e0 (12 bytes)
1730474466.102998 sending message 112 to peer 0x5892d242b8e0 (12 bytes)
1730474466.103000 sending message 112 to peer 0x5892d242b8e0 (12 bytes)
1730474466.103002 sending message 112 to peer 0x5892d242b8e0 (13 bytes)
1730474466.103004 sending message 112 to peer 0x5892d242b8e0 (13 bytes)
1730474466.103006 sending message 112 to peer 0x5892d242b8e0 (13 bytes)
1730474466.103008 sending message 112 to peer 0x5892d242b8e0 (13 bytes)
1730474466.103010 sending message 112 to peer 0x5892d242b8e0 (13 bytes)
1730474466.103012 sending message 112 to peer 0x5892d242b8e0 (13 bytes)
1730474466.103014 sending message 112 to peer 0x5892d242b8e0 (13 bytes)
1730474466.103016 sending message 112 to peer 0x5892d242b8e0 (10 bytes)
1730474466.103019 sending message 112 to peer 0x5892d242b8e0 (13 bytes)
1730474466.103021 sending message 112 to peer 0x5892d242b8e0 (12 bytes)
1730474466.103023 sending message 112 to peer 0x5892d242b8e0 (12 bytes)
1730474466.103025 sending message 112 to peer 0x5892d242b8e0 (12 bytes)
1730474466.103027 sending message 112 to peer 0x5892d242b8e0 (10 bytes)
1730474466.103029 sending message 112 to peer 0x5892d242b8e0 (10 bytes)
1730474466.103031 sending message 112 to peer 0x5892d242b8e0 (10 bytes)
1730474466.103033 sending message 112 to peer 0x5892d242b8e0 (12 bytes)
1730474466.103035 sending message 112 to peer 0x5892d242b8e0 (13 bytes)
1730474466.103037 sending message 112 to peer 0x5892d242b8e0 (13 bytes)
1730474466.103039 sending message 112 to peer 0x5892d242b8e0 (13 bytes)
1730474466.103041 sending message 112 to peer 0x5892d242b8e0 (13 bytes)
1730474466.103043 sending message 112 to peer 0x5892d242b8e0 (13 bytes)
1730474466.103045 sending message 112 to peer 0x5892d242b8e0 (11 bytes)
1730474466.103047 sending message 112 to peer 0x5892d242b8e0 (11 bytes)
1730474466.103049 sending message 112 to peer 0x5892d242b8e0 (12 bytes)
1730474466.103051 sending message 112 to peer 0x5892d242b8e0 (12 bytes)
1730474466.103053 sending message 112 to peer 0x5892d242b8e0 (12 bytes)
1730474466.103055 sending message 112 to peer 0x5892d242b8e0 (12 bytes)
1730474466.103057 sending message 112 to peer 0x5892d242b8e0 (12 bytes)
1730474466.103059 sending message 112 to peer 0x5892d242b8e0 (11 bytes)
1730474466.103061 sending message 112 to peer 0x5892d242b8e0 (12 bytes)
1730474466.103063 sending message 112 to peer 0x5892d242b8e0 (12 bytes)
1730474466.103065 sending message 112 to peer 0x5892d242b8e0 (13 bytes)
1730474466.103067 sending message 112 to peer 0x5892d242b8e0 (13 bytes)
1730474466.103069 sending message 112 to peer 0x5892d242b8e0 (13 bytes)
1730474466.103071 sending message 112 to peer 0x5892d242b8e0 (13 bytes)
1730474466.103074 sending message 112 to peer 0x5892d242b8e0 (13 bytes)
1730474466.103076 sending message 112 to peer 0x5892d242b8e0 (10 bytes)
1730474466.103078 sending message 112 to peer 0x5892d242b8e0 (9 bytes)
1730474466.103080 sending message 112 to peer 0x5892d242b8e0 (12 bytes)
1730474466.103082 sending message 112 to peer 0x5892d242b8e0 (13 bytes)
1730474466.103084 sending message 112 to peer 0x5892d242b8e0 (13 bytes)
1730474466.103086 sending message 112 to peer 0x5892d242b8e0 (13 bytes)
1730474466.103088 sending message 112 to peer 0x5892d242b8e0 (13 bytes)
1730474466.103090 sending message 112 to peer 0x5892d242b8e0 (13 bytes)
1730474466.103094 sending message 112 to peer 0x5892d242b8e0 (9 bytes)
1730474466.103097 sending message 112 to peer 0x5892d242b8e0 (12 bytes)
1730474466.103099 sending message 112 to peer 0x5892d242b8e0 (13 bytes)
1730474466.103101 sending message 112 to peer 0x5892d242b8e0 (13 bytes)
1730474466.103103 sending message 112 to peer 0x5892d242b8e0 (13 bytes)
1730474466.103105 sending message 112 to peer 0x5892d242b8e0 (13 bytes)
1730474466.103107 sending message 112 to peer 0x5892d242b8e0 (13 bytes)
1730474466.103109 sending message 112 to peer 0x5892d242b8e0 (11 bytes)
1730474466.103111 sending message 112 to peer 0x5892d242b8e0 (12 bytes)
1730474466.103113 sending message 112 to peer 0x5892d242b8e0 (13 bytes)
1730474466.103115 sending message 112 to peer 0x5892d242b8e0 (13 bytes)
1730474466.103117 sending message 112 to peer 0x5892d242b8e0 (13 bytes)
1730474466.103119 sending message 112 to peer 0x5892d242b8e0 (13 bytes)
1730474466.103121 sending message 112 to peer 0x5892d242b8e0 (13 bytes)
1730474466.103123 sending message 112 to peer 0x5892d242b8e0 (11 bytes)
1730474466.103125 sending message 112 to peer 0x5892d242b8e0 (12 bytes)
1730474466.103127 sending message 112 to peer 0x5892d242b8e0 (12 bytes)
1730474466.103129 sending message 112 to peer 0x5892d242b8e0 (12 bytes)
1730474466.103131 sending message 112 to peer 0x5892d242b8e0 (12 bytes)
1730474466.103133 sending message 112 to peer 0x5892d242b8e0 (12 bytes)
1730474466.103135 sending message 112 to peer 0x5892d242b8e0 (21 bytes)
1730474466.103137 sending message 112 to peer 0x5892d242b8e0 (12 bytes)
1730474466.103140 sending message 112 to peer 0x5892d242b8e0 (9 bytes)
1730474466.103142 sending message 112 to peer 0x5892d242b8e0 (6 bytes)
1730474466.103144 sending message 112 to peer 0x5892d242b8e0 (13 bytes)
1730474466.103146 sending message 112 to peer 0x5892d242b8e0 (8 bytes)
1730474466.103148 sending message 112 to peer 0x5892d242b8e0 (15 bytes)
1730474466.103150 sending message 112 to peer 0x5892d242b8e0 (13 bytes)
1730474466.103152 sending message 112 to peer 0x5892d242b8e0 (9 bytes)
1730474466.103154 sending message 112 to peer 0x5892d242b8e0 (70 bytes)
1730474466.103156 sending message 112 to peer 0x5892d242b8e0 (69 bytes)
1730474466.103158 sending message 112 to peer 0x5892d242b8e0 (10 bytes)
1730474466.103161 sending message 112 to peer 0x5892d242b8e0 (10 bytes)
1730474466.103163 sending message 112 to peer 0x5892d242b8e0 (8 bytes)
1730474466.103165 sending message 112 to peer 0x5892d242b8e0 (15 bytes)
1730474466.103167 sending message 112 to peer 0x5892d242b8e0 (13 bytes)
1730474466.103169 sending message 112 to peer 0x5892d242b8e0 (10 bytes)
1730474466.103171 sending message 112 to peer 0x5892d242b8e0 (10 bytes)
1730474466.103173 sending message 112 to peer 0x5892d242b8e0 (17 bytes)
1730474466.103176 sending message 112 to peer 0x5892d242b8e0 (10 bytes)
1730474466.103178 sending message 112 to peer 0x5892d242b8e0 (13 bytes)
1730474466.103180 sending message 112 to peer 0x5892d242b8e0 (9 bytes)
1730474466.103182 sending message 112 to peer 0x5892d242b8e0 (5 bytes)
1730474466.103184 sending message 112 to peer 0x5892d242b8e0 (15 bytes)
1730474466.103186 sending message 104 to peer 0x5892d242b8e0 (0 bytes)
1730474466.103189 sending message 110 to peer 0x5892d242b8e0 (0 bytes)
1730474466.103191 sending message 107 to peer 0x5892d242b8e0 (4 bytes)
1730474466.103193 sending message 105 to peer 0x5892d242b8e0 (28 bytes)
1730474466.103195 sending message 105 to peer 0x5892d242b8e0 (47 bytes)
1730474466.103197 sending message 105 to peer 0x5892d242b8e0 (17 bytes)
1730474466.103199 sending message 105 to peer 0x5892d242b8e0 (25 bytes)
1730474466.103202 sending message 105 to peer 0x5892d242b8e0 (58 bytes)
1730474466.103204 sending message 105 to peer 0x5892d242b8e0 (144 bytes)
1730474466.103206 sending message 105 to peer 0x5892d242b8e0 (12 bytes)
1730474466.103208 sending message 105 to peer 0x5892d242b8e0 (23 bytes)
1730474466.103211 sending message 105 to peer 0x5892d242b8e0 (8 bytes)
1730474466.103213 sending message 105 to peer 0x5892d242b8e0 (38 bytes)
1730474466.103217 sending message 105 to peer 0x5892d242b8e0 (62 bytes)
1730474466.103219 sending message 105 to peer 0x5892d242b8e0 (35 bytes)
1730474466.103221 sending message 105 to peer 0x5892d242b8e0 (16 bytes)
1730474466.103224 sending message 105 to peer 0x5892d242b8e0 (28 bytes)
1730474466.103226 sending message 105 to peer 0x5892d242b8e0 (20 bytes)
1730474466.103228 sending message 105 to peer 0x5892d242b8e0 (10 bytes)
1730474466.103230 sending message 105 to peer 0x5892d242b8e0 (41 bytes)
1730474466.103232 sending message 105 to peer 0x5892d242b8e0 (329 bytes)
1730474466.103234 sending message 105 to peer 0x5892d242b8e0 (34 bytes)
1730474466.103237 sending message 105 to peer 0x5892d242b8e0 (29 bytes)
1730474466.103239 sending message 105 to peer 0x5892d242b8e0 (21 bytes)
1730474466.103241 sending message 105 to peer 0x5892d242b8e0 (90 bytes)
1730474466.103243 sending message 105 to peer 0x5892d242b8e0 (22 bytes)
1730474466.103245 sending message 105 to peer 0x5892d242b8e0 (37 bytes)
1730474466.103248 sending message 105 to peer 0x5892d242b8e0 (13 bytes)
1730474466.103250 sending message 105 to peer 0x5892d242b8e0 (16 bytes)
1730474466.103252 sending message 105 to peer 0x5892d242b8e0 (54 bytes)
1730474466.103254 sending message 105 to peer 0x5892d242b8e0 (43 bytes)
1730474466.103256 sending message 105 to peer 0x5892d242b8e0 (35 bytes)
1730474466.103258 sending message 105 to peer 0x5892d242b8e0 (23 bytes)
1730474466.103260 sending message 105 to peer 0x5892d242b8e0 (33 bytes)
1730474466.103263 sending message 105 to peer 0x5892d242b8e0 (26 bytes)
1730474466.103265 sending message 105 to peer 0x5892d242b8e0 (11 bytes)
1730474466.103267 sending message 105 to peer 0x5892d242b8e0 (31 bytes)
1730474466.103269 sending message 105 to peer 0x5892d242b8e0 (27 bytes)
1730474466.103271 sending message 105 to peer 0x5892d242b8e0 (40 bytes)
1730474466.103273 sending message 105 to peer 0x5892d242b8e0 (38 bytes)
1730474466.103275 sending message 105 to peer 0x5892d242b8e0 (17 bytes)
1730474466.103277 sending message 105 to peer 0x5892d242b8e0 (15 bytes)
1730474466.103280 sending message 105 to peer 0x5892d242b8e0 (38 bytes)
1730474466.103282 sending message 105 to peer 0x5892d242b8e0 (15 bytes)
1730474466.103284 sending message 105 to peer 0x5892d242b8e0 (25 bytes)
1730474466.103286 sending message 105 to peer 0x5892d242b8e0 (38 bytes)
1730474466.103288 sending message 105 to peer 0x5892d242b8e0 (14 bytes)
1730474466.103290 sending message 105 to peer 0x5892d242b8e0 (24 bytes)
1730474466.103292 sending message 105 to peer 0x5892d242b8e0 (20 bytes)
1730474466.103294 sending message 105 to peer 0x5892d242b8e0 (30 bytes)
1730474466.103296 sending message 105 to peer 0x5892d242b8e0 (11 bytes)
1730474466.103298 sending message 105 to peer 0x5892d242b8e0 (19 bytes)
1730474466.103300 sending message 105 to peer 0x5892d242b8e0 (19 bytes)
1730474466.103303 sending message 105 to peer 0x5892d242b8e0 (17 bytes)
1730474466.103305 sending message 105 to peer 0x5892d242b8e0 (21 bytes)
1730474466.103307 sending message 105 to peer 0x5892d242b8e0 (52 bytes)
1730474466.103309 sending message 105 to peer 0x5892d242b8e0 (26 bytes)
1730474466.103311 sending message 105 to peer 0x5892d242b8e0 (109 bytes)
1730474466.103313 sending message 105 to peer 0x5892d242b8e0 (64 bytes)
1730474466.103315 sending message 105 to peer 0x5892d242b8e0 (14 bytes)
1730474466.103318 sending message 105 to peer 0x5892d242b8e0 (41 bytes)
1730474466.103320 sending message 105 to peer 0x5892d242b8e0 (35 bytes)
1730474466.103322 sending message 105 to peer 0x5892d242b8e0 (15 bytes)
1730474466.103324 sending message 105 to peer 0x5892d242b8e0 (39 bytes)
1730474466.103326 sending message 105 to peer 0x5892d242b8e0 (37 bytes)
1730474466.103328 sending message 105 to peer 0x5892d242b8e0 (30 bytes)
1730474466.103330 sending message 105 to peer 0x5892d242b8e0 (70 bytes)
1730474466.103332 sending message 105 to peer 0x5892d242b8e0 (16 bytes)
1730474466.103334 sending message 105 to peer 0x5892d242b8e0 (25 bytes)
1730474466.103336 sending message 105 to peer 0x5892d242b8e0 (15 bytes)
1730474466.103341 sending message 105 to peer 0x5892d242b8e0 (20 bytes)
1730474466.103343 sending message 105 to peer 0x5892d242b8e0 (18 bytes)
1730474466.103345 sending message 105 to peer 0x5892d242b8e0 (12 bytes)
1730474466.103347 sending message 105 to peer 0x5892d242b8e0 (33 bytes)
1730474466.103350 sending message 105 to peer 0x5892d242b8e0 (58 bytes)
1730474466.103352 sending message 105 to peer 0x5892d242b8e0 (50 bytes)
1730474466.103354 sending message 105 to peer 0x5892d242b8e0 (20 bytes)
1730474466.103356 sending message 105 to peer 0x5892d242b8e0 (19 bytes)
1730474466.103358 sending message 105 to peer 0x5892d242b8e0 (24 bytes)
1730474466.103360 sending message 106 to peer 0x5892d242b8e0 (0 bytes)
1730474466.103406 sending message 200 to peer 0x5892d242b8e0 (4 bytes)
1730474466.103410 client loop enter
1730474466.104292 peer 0x5892d242b8e0 message 303
1730474466.104298 open write file 2 -
1730474466.104302 sending message 305 to peer 0x5892d242b8e0 (8 bytes)
1730474466.104311 write check file 2
1730474466.104487 peer 0x5892d242b8e0 message 304
1730474466.104491 write 58 to file 2
1730474466.104494 peer 0x5892d242b8e0 message 203
1730474466.104496 file 2 58 bytes left
1730474466.104502 write check file 2
1730474466.104505 client loop exit
